OK - Connected to BINANCEUSDM
Testing KAIA/USDT:USDT...

=== MA7/MA25 Crossover ===
  Signal: SHORT_TREND
  MA7 < MA25 = BAJISTA (SHORT)

=== TradingView 10 Indicators ===
  LONG votes: 2
  SHORT votes: 8
  NEUTRAL: 0
  Final Signal: STRONG_SHORT

=== Votes Breakdown ===
  MA7: SHORT - Precio abajo de MA7
  MA25: SHORT - Precio abajo de MA25
  MA99: SHORT - Precio abajo de MA99
  RSI: LONG - RSI sobreventa (26)
  MACD: SHORT - MACD bajista
  STOCH: LONG - Stoch sobreventa (4)
  ADX: SHORT - ADX bajista (38)
  BB: SHORT - Abajo de banda media
  OBV: SHORT - OBV bajando
  MOM: SHORT - Momentum negativo (-9.1%)

=== Summary ===
RESULT: STRONG SHORT (8/10 indicators)
